[template.hasthemes.com/mazlay/index.html]
[backblue.gif]
[fade.gif]
[index.html]
[template.hasthemes.com/mazlay/assets/img/favicon.ico]
[template.hasthemes.com/mazlay/assets/css/bootstrap.min.css]
[template.hasthemes.com/mazlay/assets/css/font-awesome.min.css]
[template.hasthemes.com/mazlay/assets/css/et-line.css]
[template.hasthemes.com/mazlay/assets/css/plugins.css]
[template.hasthemes.com/mazlay/assets/style.css]
[template.hasthemes.com/mazlay/assets/css/responsive.css]
[template.hasthemes.com/mazlay/assets/js/vendor/modernizr-2.8.3.min.js]
[template.hasthemes.com/mazlay/mazlay/index.html]
[template.hasthemes.com/mazlay/assets/img/mazlay/home-1.png]
[template.hasthemes.com/mazlay/assets/img/mazlay/home-2.png]
[template.hasthemes.com/mazlay/mazlay/index-2.html]
[template.hasthemes.com/mazlay/mazlay/index-3.html]
[template.hasthemes.com/mazlay/assets/img/mazlay/home-3.png]
[template.hasthemes.com/mazlay/mazlay/index-4.html]
[template.hasthemes.com/mazlay/assets/img/mazlay/home-4.png]
[template.hasthemes.com/mazlay/mazlay/shop.html]
[template.hasthemes.com/mazlay/assets/img/mazlay/shop-grid-view.png]
[template.hasthemes.com/mazlay/assets/img/mazlay/shop-list-view.png]
[template.hasthemes.com/mazlay/mazlay/shop-list.html]
[template.hasthemes.com/mazlay/mazlay/shop-fullwidth.html]
[template.hasthemes.com/mazlay/assets/img/mazlay/shop-fullwidth.png]
[template.hasthemes.com/mazlay/mazlay/shop-right-sidebar.html]
[template.hasthemes.com/mazlay/assets/img/mazlay/shop-grid-sidebar.png]
[template.hasthemes.com/mazlay/assets/img/mazlay/single-product.png]
[template.hasthemes.com/mazlay/mazlay/product-details.html]
[template.hasthemes.com/mazlay/mazlay/product-sidebar.html]
[template.hasthemes.com/mazlay/assets/img/mazlay/product-sidebar.png]
[template.hasthemes.com/mazlay/mazlay/blog.html]
[template.hasthemes.com/mazlay/assets/img/mazlay/blog.png]
[template.hasthemes.com/mazlay/mazlay/blog-details.html]
[template.hasthemes.com/mazlay/assets/img/mazlay/blog-details.png]
[template.hasthemes.com/mazlay/mazlay/blog-fullwidth.html]
[template.hasthemes.com/mazlay/assets/img/mazlay/blog-fullwidth.png]
[template.hasthemes.com/mazlay/mazlay/about.html]
[template.hasthemes.com/mazlay/assets/img/mazlay/about.png]
[template.hasthemes.com/mazlay/mazlay/cart.html]
[template.hasthemes.com/mazlay/assets/img/mazlay/cart.png]
[template.hasthemes.com/mazlay/assets/img/mazlay/checkout.png]
[template.hasthemes.com/mazlay/mazlay/checkout.html]
[template.hasthemes.com/mazlay/mazlay/wishlist.html]
[template.hasthemes.com/mazlay/assets/img/mazlay/wishlist.png]
[template.hasthemes.com/mazlay/assets/img/mazlay/contact.png]
[template.hasthemes.com/mazlay/mazlay/contact.html]
[template.hasthemes.com/mazlay/mazlay/login.html]
[template.hasthemes.com/mazlay/assets/img/mazlay/login.png]
[template.hasthemes.com/mazlay/mazlay/faq.html]
[template.hasthemes.com/mazlay/assets/img/mazlay/faq.png]
[template.hasthemes.com/mazlay/mazlay/404.html]
[template.hasthemes.com/mazlay/assets/img/mazlay/404.png]
[template.hasthemes.com/mazlay/assets/img/other/Category-Custom-View.gif]
[template.hasthemes.com/mazlay/assets/img/other/Category-Custom-View2.gif]
[template.hasthemes.com/mazlay/assets/img/other/header-style1.jpg]
[template.hasthemes.com/mazlay/assets/img/other/header-style2.jpg]
[template.hasthemes.com/mazlay/assets/img/other/header-style3.jpg]
[template.hasthemes.com/mazlay/assets/img/other/header-style4.jpg]
[template.hasthemes.com/mazlay/assets/img/other/responsive-mobile.jpg]
[template.hasthemes.com/mazlay/assets/js/vendor/jquery-3.1.1.min.js]
[template.hasthemes.com/mazlay/assets/js/bootstrap.min.js]
[template.hasthemes.com/mazlay/assets/js/popper.min.js]
[template.hasthemes.com/mazlay/assets/js/plugins.js]
[template.hasthemes.com/mazlay/assets/js/ajax-mail.js]
[template.hasthemes.com/mazlay/index.html]
[template.hasthemes.com/mazlay/assets/css/bootstrap.min.css]
[template.hasthemes.com/mazlay/assets/js/main.js]
[template.hasthemes.com/mazlay/assets/fonts/fontawesome-webfont3e6e.eot]
[template.hasthemes.com/mazlay/assets/fonts/fontawesome-webfontd41d.eot]
[template.hasthemes.com/mazlay/assets/fonts/fontawesome-webfont3e6e.woff2]
[template.hasthemes.com/mazlay/assets/fonts/fontawesome-webfont3e6e.woff]
[template.hasthemes.com/mazlay/assets/fonts/fontawesome-webfont3e6e.ttf]
[template.hasthemes.com/mazlay/assets/css/font-awesome.min.css]
[template.hasthemes.com/mazlay/assets/fonts/fontawesome-webfont3e6e.svg]
[template.hasthemes.com/mazlay/assets/fonts/et-line.eot]
[template.hasthemes.com/mazlay/assets/fonts/et-lined41d.eot]
[template.hasthemes.com/mazlay/assets/fonts/et-line.woff]
[template.hasthemes.com/mazlay/assets/fonts/et-line.ttf]
[template.hasthemes.com/mazlay/assets/css/et-line.css]
[template.hasthemes.com/mazlay/assets/css/plugins.css]
[template.hasthemes.com/mazlay/assets/fonts/et-line.svg]
[template.hasthemes.com/mazlay/assets/img/mazlay/bg-mazlay.jpg]
[template.hasthemes.com/mazlay/assets/img/other/bkg_footer.jpg]
[template.hasthemes.com/mazlay/assets/style.css]
[template.hasthemes.com/mazlay/assets/css/responsive.css]
[template.hasthemes.com/mazlay/mazlay/assets/img/favicon.ico]
[template.hasthemes.com/mazlay/mazlay/assets/css/plugins.css]
[template.hasthemes.com/mazlay/mazlay/assets/css/style.css]
[template.hasthemes.com/mazlay/mazlay/assets/img/logo/language.png]
[template.hasthemes.com/mazlay/mazlay/shop-fullwidth-list.html]
[template.hasthemes.com/mazlay/mazlay/shop-right-sidebar-list.html]
[template.hasthemes.com/mazlay/mazlay/product-grouped.html]
[template.hasthemes.com/mazlay/mazlay/my-account.html]
[template.hasthemes.com/mazlay/mazlay/variable-product.html]
[template.hasthemes.com/mazlay/mazlay/product-countdown.html]
[template.hasthemes.com/mazlay/mazlay/blog-sidebar.html]
[template.hasthemes.com/mazlay/mazlay/blog-no-sidebar.html]
[template.hasthemes.com/mazlay/mazlay/compare.html]
[template.hasthemes.com/mazlay/mazlay/privacy-policy.html]
[template.hasthemes.com/mazlay/mazlay/coming-soon.html]
[template.hasthemes.com/mazlay/mazlay/assets/img/logo/logo.png]
[template.hasthemes.com/mazlay/mazlay/assets/img/s-product/product.jpg]
[template.hasthemes.com/mazlay/mazlay/assets/img/s-product/product2.jpg]
[template.hasthemes.com/mazlay/mazlay/shop-left-sidebar.html]
[template.hasthemes.com/mazlay/mazlay/assets/img/slider/slider1.jpg]
[template.hasthemes.com/mazlay/mazlay/assets/img/slider/slider2.jpg]
[template.hasthemes.com/mazlay/mazlay/assets/img/slider/slider3.jpg]
[template.hasthemes.com/mazlay/mazlay/assets/img/bg/banner1.jpg]
[template.hasthemes.com/mazlay/mazlay/assets/img/bg/banner2.jpg]
[template.hasthemes.com/mazlay/mazlay/assets/img/bg/banner3.jpg]
[template.hasthemes.com/mazlay/mazlay/assets/img/s-product/category1.jpg]
[template.hasthemes.com/mazlay/mazlay/assets/img/s-product/category2.jpg]
[template.hasthemes.com/mazlay/mazlay/assets/img/s-product/category3.jpg]
[template.hasthemes.com/mazlay/mazlay/assets/img/s-product/category4.jpg]
[template.hasthemes.com/mazlay/mazlay/assets/img/s-product/category5.jpg]
[template.hasthemes.com/mazlay/mazlay/assets/img/s-product/category6.jpg]
[template.hasthemes.com/mazlay/mazlay/assets/img/s-product/category7.jpg]
[template.hasthemes.com/mazlay/mazlay/assets/img/product/product1.jpg]
[template.hasthemes.com/mazlay/mazlay/assets/img/product/product2.jpg]
[template.hasthemes.com/mazlay/mazlay/assets/img/product/product3.jpg]
[template.hasthemes.com/mazlay/mazlay/assets/img/product/product4.jpg]
[template.hasthemes.com/mazlay/mazlay/assets/img/product/product5.jpg]
[template.hasthemes.com/mazlay/mazlay/assets/img/product/product6.jpg]
[template.hasthemes.com/mazlay/mazlay/assets/img/product/product7.jpg]
[template.hasthemes.com/mazlay/mazlay/assets/img/product/product8.jpg]
[template.hasthemes.com/mazlay/mazlay/assets/img/product/product9.jpg]
[template.hasthemes.com/mazlay/mazlay/assets/img/product/product10.jpg]
[template.hasthemes.com/mazlay/mazlay/assets/img/product/product11.jpg]
[template.hasthemes.com/mazlay/mazlay/assets/img/product/product12.jpg]
[template.hasthemes.com/mazlay/mazlay/assets/img/bg/banner4.jpg]
[template.hasthemes.com/mazlay/mazlay/assets/img/bg/banner5.jpg]
[template.hasthemes.com/mazlay/mazlay/assets/img/blog/blog1.jpg]
[template.hasthemes.com/mazlay/mazlay/assets/img/blog/blog2.jpg]
[template.hasthemes.com/mazlay/mazlay/assets/img/blog/blog3.jpg]
[template.hasthemes.com/mazlay/mazlay/assets/img/blog/blog4.jpg]
[template.hasthemes.com/mazlay/mazlay/assets/img/brand/brand1.jpg]
[template.hasthemes.com/mazlay/mazlay/assets/img/brand/brand2.jpg]
[template.hasthemes.com/mazlay/mazlay/assets/img/brand/brand3.jpg]
[template.hasthemes.com/mazlay/mazlay/assets/img/brand/brand4.jpg]
[template.hasthemes.com/mazlay/mazlay/assets/img/brand/brand5.jpg]
[template.hasthemes.com/mazlay/mazlay/assets/img/brand/brand6.jpg]
[template.hasthemes.com/mazlay/mazlay/assets/img/brand/brand7.jpg]
[template.hasthemes.com/mazlay/mazlay/assets/img/brand/brand8.jpg]
[template.hasthemes.com/mazlay/mazlay/assets/img/icon/icon-app.jpg]
[template.hasthemes.com/mazlay/mazlay/assets/img/icon/icon1-app.jpg]
[template.hasthemes.com/mazlay/mazlay/assets/img/about/shipping1.png]
[template.hasthemes.com/mazlay/mazlay/assets/img/about/shipping2.png]
[template.hasthemes.com/mazlay/mazlay/assets/img/about/shipping3.png]
[template.hasthemes.com/mazlay/mazlay/assets/img/about/shipping4.png]
[template.hasthemes.com/mazlay/mazlay/assets/img/about/shipping5.png]
[template.hasthemes.com/mazlay/mazlay/assets/img/icon/icon-phone.png]
[template.hasthemes.com/mazlay/mazlay/assets/img/icon/payment.png]
[template.hasthemes.com/mazlay/mazlay/assets/img/product/productbig1.jpg]
[template.hasthemes.com/mazlay/mazlay/assets/img/product/productbig2.jpg]
[template.hasthemes.com/mazlay/mazlay/assets/img/product/productbig3.jpg]
[template.hasthemes.com/mazlay/mazlay/assets/img/product/productbig4.jpg]
[template.hasthemes.com/mazlay/mazlay/assets/js/plugins.js]
[template.hasthemes.com/mazlay/mazlay/index.html]
[template.hasthemes.com/mazlay/mazlay/assets/js/main.js]
[template.hasthemes.com/mazlay/mazlay/assets/img/logo/logo2.png]
[template.hasthemes.com/mazlay/mazlay/assets/img/slider/slider4.jpg]
[template.hasthemes.com/mazlay/mazlay/assets/img/slider/slider5.jpg]
[template.hasthemes.com/mazlay/mazlay/assets/img/bg/banner6.jpg]
[template.hasthemes.com/mazlay/mazlay/assets/img/bg/banner7.jpg]
[template.hasthemes.com/mazlay/mazlay/assets/img/bg/banner8.jpg]
[template.hasthemes.com/mazlay/mazlay/index-2.html]
[template.hasthemes.com/mazlay/mazlay/assets/img/slider/slider6.jpg]
[template.hasthemes.com/mazlay/mazlay/assets/img/slider/slider7.jpg]
[template.hasthemes.com/mazlay/mazlay/assets/img/slider/slider8.jpg]
[template.hasthemes.com/mazlay/mazlay/assets/img/bg/banner9.jpg]
[template.hasthemes.com/mazlay/mazlay/assets/img/bg/banner10.jpg]
[template.hasthemes.com/mazlay/mazlay/assets/img/about/shipping6.png]
[template.hasthemes.com/mazlay/mazlay/assets/img/about/shipping7.png]
[template.hasthemes.com/mazlay/mazlay/assets/img/about/shipping8.png]
[template.hasthemes.com/mazlay/mazlay/assets/img/about/shipping9.png]
[template.hasthemes.com/mazlay/mazlay/assets/img/about/shipping10.png]
[template.hasthemes.com/mazlay/mazlay/assets/img/bg/banner11.jpg]
[template.hasthemes.com/mazlay/mazlay/assets/img/bg/banner12.jpg]
[template.hasthemes.com/mazlay/mazlay/assets/img/bg/banner13.jpg]
[template.hasthemes.com/mazlay/mazlay/assets/img/bg/banner14.jpg]
[template.hasthemes.com/mazlay/mazlay/assets/img/product/product13.jpg]
[template.hasthemes.com/mazlay/mazlay/assets/img/bg/banner15.jpg]
[template.hasthemes.com/mazlay/mazlay/assets/img/bg/banner16.jpg]
[template.hasthemes.com/mazlay/mazlay/assets/img/icon/icon2-app.jpg]
[template.hasthemes.com/mazlay/mazlay/assets/img/icon/icon3-app.jpg]
[template.hasthemes.com/mazlay/mazlay/assets/img/icon/icon-phone2.png]
[template.hasthemes.com/mazlay/mazlay/index-3.html]
[template.hasthemes.com/mazlay/mazlay/assets/img/bg/banner17.jpg]
[template.hasthemes.com/mazlay/mazlay/assets/img/bg/banner18.jpg]
[template.hasthemes.com/mazlay/mazlay/assets/img/bg/banner19.jpg]
[template.hasthemes.com/mazlay/mazlay/assets/img/bg/banner20.jpg]
[template.hasthemes.com/mazlay/mazlay/assets/img/bg/banner21.jpg]
[template.hasthemes.com/mazlay/mazlay/assets/img/bg/banner22.jpg]
[template.hasthemes.com/mazlay/mazlay/index-4.html]
[template.hasthemes.com/mazlay/mazlay/assets/img/bg/banner23.jpg]
[template.hasthemes.com/mazlay/mazlay/shop.html]
[template.hasthemes.com/mazlay/mazlay/shop-list.html]
[template.hasthemes.com/mazlay/mazlay/shop-fullwidth.html]
[template.hasthemes.com/mazlay/mazlay/shop-right-sidebar.html]
[template.hasthemes.com/mazlay/mazlay/assets/img/product/productbig5.jpg]
[template.hasthemes.com/mazlay/mazlay/assets/img/blog/comment2.jpg]
[template.hasthemes.com/mazlay/mazlay/product-details.html]
[template.hasthemes.com/mazlay/mazlay/product-sidebar.html]
[template.hasthemes.com/mazlay/mazlay/assets/img/blog/blogpage1.jpg]
[template.hasthemes.com/mazlay/mazlay/assets/img/blog/blogpage2.jpg]
[template.hasthemes.com/mazlay/mazlay/assets/img/blog/blogpage3.jpg]
[template.hasthemes.com/mazlay/mazlay/assets/img/blog/blogpage4.jpg]
[template.hasthemes.com/mazlay/mazlay/assets/img/blog/blogpage5.jpg]
[template.hasthemes.com/mazlay/mazlay/assets/img/blog/comment2.png.jpg]
[template.hasthemes.com/mazlay/mazlay/assets/img/blog/blog6.jpg]
[template.hasthemes.com/mazlay/mazlay/assets/img/blog/blog7.jpg]
[template.hasthemes.com/mazlay/mazlay/assets/img/blog/blog8.jpg]
[template.hasthemes.com/mazlay/mazlay/assets/img/blog/blog9.jpg]
[template.hasthemes.com/mazlay/mazlay/blog.html]
[template.hasthemes.com/mazlay/mazlay/assets/img/blog/blog-big1.jpg]
[template.hasthemes.com/mazlay/mazlay/assets/img/blog/comment3.png.jpg]
[template.hasthemes.com/mazlay/mazlay/blog-details.html]
[template.hasthemes.com/mazlay/mazlay/assets/img/blog/blog-big2.jpg]
[template.hasthemes.com/mazlay/mazlay/assets/img/blog/blog-big3.jpg]
[template.hasthemes.com/mazlay/mazlay/assets/img/blog/blog-big4.jpg]
[template.hasthemes.com/mazlay/mazlay/assets/img/blog/blog-big5.jpg]
[template.hasthemes.com/mazlay/mazlay/blog-fullwidth.html]
[template.hasthemes.com/mazlay/mazlay/assets/img/about/about1.jpg]
[template.hasthemes.com/mazlay/mazlay/assets/img/about/about-us-signature.png]
[template.hasthemes.com/mazlay/mazlay/assets/img/about/about-us-policy-bg.jpg]
[template.hasthemes.com/mazlay/mazlay/assets/img/about/About_icon1.png]
[template.hasthemes.com/mazlay/mazlay/assets/img/about/About_icon2.png]
[template.hasthemes.com/mazlay/mazlay/assets/img/about/About_icon3.png]
[template.hasthemes.com/mazlay/mazlay/assets/img/about/about2.jpg]
[template.hasthemes.com/mazlay/mazlay/assets/img/about/about3.jpg]
[template.hasthemes.com/mazlay/mazlay/assets/img/about/about4.jpg]
[template.hasthemes.com/mazlay/mazlay/assets/img/about/testimonial1.jpg]
[template.hasthemes.com/mazlay/mazlay/assets/img/about/testimonial2.jpg]
[template.hasthemes.com/mazlay/mazlay/assets/img/about/testimonial3.jpg]
[template.hasthemes.com/mazlay/mazlay/about.html]
[template.hasthemes.com/mazlay/mazlay/assets/img/s-product/product3.jpg]
[template.hasthemes.com/mazlay/mazlay/cart.html]
[template.hasthemes.com/mazlay/mazlay/assets/img/icon/papyel.png]
[template.hasthemes.com/mazlay/mazlay/checkout.html]
[template.hasthemes.com/mazlay/mazlay/wishlist.html]
[template.hasthemes.com/mazlay/mazlay/contact.html]
[template.hasthemes.com/mazlay/mazlay/login.html]
[template.hasthemes.com/mazlay/mazlay/faq.html]
[template.hasthemes.com/mazlay/mazlay/404.html]
[template.hasthemes.com/mazlay/assets/fonts/fontawesome-webfont3e6e.svg]
[template.hasthemes.com/mazlay/assets/fonts/et-line.svg]
[template.hasthemes.com/mazlay/mazlay/assets/fonts/fontawesome-webfont3e6e.eot]
[template.hasthemes.com/mazlay/mazlay/assets/fonts/fontawesome-webfontd41d.eot]
[template.hasthemes.com/mazlay/mazlay/assets/fonts/fontawesome-webfont3e6e.woff2]
[template.hasthemes.com/mazlay/mazlay/assets/fonts/fontawesome-webfont3e6e.woff]
[template.hasthemes.com/mazlay/mazlay/assets/fonts/fontawesome-webfont3e6e.ttf]
[template.hasthemes.com/mazlay/mazlay/assets/fonts/plaza-icon56cc.eot]
[template.hasthemes.com/mazlay/mazlay/assets/fonts/fontawesome-webfont3e6e.svg]
[template.hasthemes.com/mazlay/mazlay/assets/fonts/plaza-icon56cc.ttf]
[template.hasthemes.com/mazlay/mazlay/assets/fonts/plaza-icon56cc.woff]
[template.hasthemes.com/mazlay/mazlay/assets/fonts/plaza-icon56cc.svg]
[template.hasthemes.com/mazlay/mazlay/assets/img/icon/owl.video.play.png]
[template.hasthemes.com/mazlay/mazlay/assets/fonts/ionicons28b5.eot]
[template.hasthemes.com/mazlay/mazlay/assets/fonts/ionicons28b5.ttf]
[template.hasthemes.com/mazlay/mazlay/assets/fonts/ionicons28b5.woff]
[template.hasthemes.com/mazlay/mazlay/assets/fonts/ionicons28b5.svg]
[template.hasthemes.com/mazlay/mazlay/assets/fonts/Material-Design-Iconic-Fontd1f1.woff2]
[template.hasthemes.com/mazlay/mazlay/assets/fonts/Material-Design-Iconic-Fontd1f1.woff]
[template.hasthemes.com/mazlay/mazlay/assets/fonts/Material-Design-Iconic-Fontd1f1.ttf]
[template.hasthemes.com/mazlay/mazlay/assets/css/plugins.css]
[template.hasthemes.com/mazlay/mazlay/assets/img/icon/icon-sale.png]
[template.hasthemes.com/mazlay/mazlay/assets/img/icon/icon1-sale.png]
[template.hasthemes.com/mazlay/mazlay/assets/img/icon/icon-new.png]
[template.hasthemes.com/mazlay/mazlay/assets/img/icon/icon1-new.png]
[template.hasthemes.com/mazlay/mazlay/assets/img/icon/bkg_grid.png]
[template.hasthemes.com/mazlay/mazlay/assets/img/icon/bkg_grid_hover.png]
[template.hasthemes.com/mazlay/mazlay/assets/img/icon/bkg_grid4.png]
[template.hasthemes.com/mazlay/mazlay/assets/img/icon/bkg_grid4_hover.png]
[template.hasthemes.com/mazlay/mazlay/assets/img/icon/bkg_list.png]
[template.hasthemes.com/mazlay/mazlay/assets/img/icon/bkg_list_hover.png]
[template.hasthemes.com/mazlay/mazlay/assets/img/about/quote-icon.png]
[template.hasthemes.com/mazlay/mazlay/assets/img/bg/coming-soon.jpg]
[template.hasthemes.com/mazlay/mazlay/assets/css/style.css]
[template.hasthemes.com/mazlay/mazlay/shop-fullwidth-list.html]
[template.hasthemes.com/mazlay/mazlay/shop-right-sidebar-list.html]
[template.hasthemes.com/mazlay/mazlay/my-account.html]
[template.hasthemes.com/mazlay/mazlay/product-grouped.html]
[template.hasthemes.com/mazlay/mazlay/variable-product.html]
[template.hasthemes.com/mazlay/mazlay/product-countdown.html]
[template.hasthemes.com/mazlay/mazlay/blog-sidebar.html]
[template.hasthemes.com/mazlay/mazlay/blog-no-sidebar.html]
[template.hasthemes.com/mazlay/mazlay/compare.html]
[template.hasthemes.com/mazlay/mazlay/privacy-policy.html]
[template.hasthemes.com/mazlay/mazlay/coming-soon.html]
[template.hasthemes.com/mazlay/mazlay/shop-left-sidebar.html]
[template.hasthemes.com/mazlay/mazlay/assets/fonts/fontawesome-webfont3e6e.svg]
[template.hasthemes.com/mazlay/mazlay/assets/fonts/plaza-icon56cc.svg]
[template.hasthemes.com/mazlay/mazlay/assets/fonts/ionicons28b5.svg]
